<?xml version='1.0' encoding='UTF-8'?><testsuites errors='0' failures='0' name='PUnit' tests='181' time='1.922'><testsuite errors='0' failures='0' name='AssertThrowsEdgeCases' tests='4' time='0.000'><testcase classname='AssertThrowsEdgeCases' name='AssertThrowsEdgeCases::test_exact_type_match' time='0.000'/><testcase classname='AssertThrowsEdgeCases' name='AssertThrowsEdgeCases::test_inheritance_match' time='0.000'/><testcase classname='AssertThrowsEdgeCases' name='AssertThrowsEdgeCases::test_mismatched_type_fails' time='0.000'/><testcase classname='AssertThrowsEdgeCases' name='AssertThrowsEdgeCases::test_no_throw_fails' time='0.000'/></testsuite><testsuite errors='0' failures='0' name='AssertionFailureTests' tests='33' time='0.001'><testcase classname='AssertionFailureTests' name='AssertionFailureTests::test_assert_approx_equal_beyond_tolerance' time='0.000'/><testcase classname='AssertionFailureTests' name='AssertionFailureTests::test_assert_contains_array_missing' time='0.000'/><testcase classname='AssertionFailureTests' name='AssertionFailureTests::test_assert_contains_mapping_key_missing' time='0.000'/><testcase classname='AssertionFailureTests' name='AssertionFailureTests::test_assert_contains_only_extra_elements' time='0.000'/><testcase classname='AssertionFailureTests' name='AssertionFailureTests::test_assert_contains_string_missing' time='0.000'/><testcase classname='AssertionFailureTests' name='AssertionFailureTests::test_assert_contains_unsupported_type' time='0.000'/><testcase classname='AssertionFailureTests' name='AssertionFailureTests::test_assert_each_partial_failure' time='0.000'/><testcase classname='AssertionFailureTests' name='AssertionFailureTests::test_assert_equal_array_diff' time='0.000'/><testcase classname='AssertionFailureTests' name='AssertionFailureTests::test_assert_equal_failure' time='0.000'/><testcase classname='AssertionFailureTests' name='AssertionFailureTests::test_assert_equal_mapping_diff' time='0.000'/><testcase classname='AssertionFailureTests' name='AssertionFailureTests::test_assert_fail_throws' time='0.000'/><testcase classname='AssertionFailureTests' name='AssertionFailureTests::test_assert_false_truthy_one' time='0.000'/><testcase classname='AssertionFailureTests' name='AssertionFailureTests::test_assert_false_truthy_string' time='0.000'/><testcase classname='AssertionFailureTests' name='AssertionFailureTests::test_assert_gt_equal' time='0.000'/><testcase classname='AssertionFailureTests' name='AssertionFailureTests::test_assert_gte_less' time='0.000'/><testcase classname='AssertionFailureTests' name='AssertionFailureTests::test_assert_has_size_mismatch' time='0.000'/><testcase classname='AssertionFailureTests' name='AssertionFailureTests::test_assert_has_size_unsupported_type' time='0.000'/><testcase classname='AssertionFailureTests' name='AssertionFailureTests::test_assert_lt_equal' time='0.000'/><testcase classname='AssertionFailureTests' name='AssertionFailureTests::test_assert_lte_greater' time='0.000'/><testcase classname='AssertionFailureTests' name='AssertionFailureTests::test_assert_match_failure' time='0.000'/><testcase classname='AssertionFailureTests' name='AssertionFailureTests::test_assert_no_throw_when_thrown' time='0.000'/><testcase classname='AssertionFailureTests' name='AssertionFailureTests::test_assert_not_equal_failure' time='0.000'/><testcase classname='AssertionFailureTests' name='AssertionFailureTests::test_assert_not_null_zero' time='0.000'/><testcase classname='AssertionFailureTests' name='AssertionFailureTests::test_assert_not_same_failure' time='0.000'/><testcase classname='AssertionFailureTests' name='AssertionFailureTests::test_assert_null_nonzero' time='0.000'/><testcase classname='AssertionFailureTests' name='AssertionFailureTests::test_assert_same_failure' time='0.000'/><testcase classname='AssertionFailureTests' name='AssertionFailureTests::test_assert_throws_message_wrong_message' time='0.000'/><testcase classname='AssertionFailureTests' name='AssertionFailureTests::test_assert_throws_no_exception' time='0.000'/><testcase classname='AssertionFailureTests' name='AssertionFailureTests::test_assert_throws_wrong_type' time='0.000'/><testcase classname='AssertionFailureTests' name='AssertionFailureTests::test_assert_true_falsy_zero' time='0.000'/><testcase classname='AssertionFailureTests' name='AssertionFailureTests::test_assert_type_wrong_program' time='0.000'/><testcase classname='AssertionFailureTests' name='AssertionFailureTests::test_assert_type_wrong_string' time='0.000'/><testcase classname='AssertionFailureTests' name='AssertionFailureTests::test_assert_undefined_defined_zero' time='0.000'/></testsuite><testsuite errors='0' failures='0' name='RepositoryTests' tests='4' time='0.000'><testcase classname='RepositoryTests' name='RepositoryTests::test_client_a_custom_feature' time='0.000'/><testcase classname='RepositoryTests' name='RepositoryTests::test_delete_removes_entry' time='0.000'/><testcase classname='RepositoryTests' name='RepositoryTests::test_find_missing_returns_zero' time='0.000'/><testcase classname='RepositoryTests' name='RepositoryTests::test_insert_and_find' time='0.000'/></testsuite><testsuite errors='0' failures='0' name='RepositoryTests' tests='4' time='0.000'><testcase classname='RepositoryTests' name='RepositoryTests::test_client_b_bulk_insert' time='0.000'/><testcase classname='RepositoryTests' name='RepositoryTests::test_delete_removes_entry' time='0.000'/><testcase classname='RepositoryTests' name='RepositoryTests::test_find_missing_returns_zero' time='0.000'/><testcase classname='RepositoryTests' name='RepositoryTests::test_insert_and_find' time='0.000'/></testsuite><testsuite errors='0' failures='0' name='RepositoryContract' tests='0' time='0.000'/><testsuite errors='0' failures='0' name='RepositoryTests' tests='4' time='0.000'><testcase classname='RepositoryTests' name='RepositoryTests::test_delete_removes_entry' time='0.000'/><testcase classname='RepositoryTests' name='RepositoryTests::test_find_missing' time='0.000'/><testcase classname='RepositoryTests' name='RepositoryTests::test_insert_and_find' time='0.000'/><testcase classname='RepositoryTests' name='RepositoryTests::test_update_entry' time='0.000'/></testsuite><testsuite errors='0' failures='0' name='DiscoveryTests' tests='6' time='0.000'><testcase classname='DiscoveryTests' name='DiscoveryTests::test_class_with_lifecycle' time='0.000'/><testcase classname='DiscoveryTests' name='DiscoveryTests::test_class_with_parameterized' time='0.000'/><testcase classname='DiscoveryTests' name='DiscoveryTests::test_class_with_skip_all' time='0.000'/><testcase classname='DiscoveryTests' name='DiscoveryTests::test_class_with_tags' time='0.000'/><testcase classname='DiscoveryTests' name='DiscoveryTests::test_compile_simple_class' time='0.000'/><testcase classname='DiscoveryTests' name='DiscoveryTests::test_multiple_classes_pattern' time='0.000'/></testsuite><testsuite errors='0' failures='0' name='ErrorReportingTests' tests='13' time='0.000'><testcase classname='ErrorReportingTests' name='ErrorReportingTests::test_assert_equal_error_message' time='0.000'/><testcase classname='ErrorReportingTests' name='ErrorReportingTests::test_assert_true_error_message' time='0.000'/><testcase classname='ErrorReportingTests' name='ErrorReportingTests::test_assert_type_error_message' time='0.000'/><testcase classname='ErrorReportingTests' name='ErrorReportingTests::test_assertion_error_fields' time='0.000'/><testcase classname='ErrorReportingTests' name='ErrorReportingTests::test_assertion_error_no_location' time='0.000'/><testcase classname='ErrorReportingTests' name='ErrorReportingTests::test_assertion_error_sprintf' time='0.000'/><testcase classname='ErrorReportingTests' name='ErrorReportingTests::test_format_location_array' time='0.000'/><testcase classname='ErrorReportingTests' name='ErrorReportingTests::test_format_location_empty_array' time='0.000'/><testcase classname='ErrorReportingTests' name='ErrorReportingTests::test_format_location_null' time='0.000'/><testcase classname='ErrorReportingTests' name='ErrorReportingTests::test_format_location_with_path' time='0.000'/><testcase classname='ErrorReportingTests' name='ErrorReportingTests::test_skip_error_catchable' time='0.000'/><testcase classname='ErrorReportingTests' name='ErrorReportingTests::test_skip_error_fields' time='0.000'/><testcase classname='ErrorReportingTests' name='ErrorReportingTests::test_skip_error_sprintf' time='0.000'/></testsuite><testsuite errors='0' failures='0' name='ExampleTests' tests='27' time='0.000'><testcase classname='ExampleTests' name='ExampleTests::test_addition' time='0.000'/><testcase classname='ExampleTests' name='ExampleTests::test_approx_equal' time='0.000'/><testcase classname='ExampleTests' name='ExampleTests::test_assert_contains_only' time='0.000'/><testcase classname='ExampleTests' name='ExampleTests::test_assert_each' time='0.000'/><testcase classname='ExampleTests' name='ExampleTests::test_assert_has_size' time='0.000'/><testcase classname='ExampleTests' name='ExampleTests::test_assertions' time='0.000'/><testcase classname='ExampleTests' name='ExampleTests::test_comparison' time='0.000'/><testcase classname='ExampleTests' name='ExampleTests::test_containment' time='0.000'/><testcase classname='ExampleTests' name='ExampleTests::test_division' time='0.000'/><testcase classname='ExampleTests' name='ExampleTests::test_division_by_zero' time='0.000'/><testcase classname='ExampleTests' name='ExampleTests::test_inline_tagged__core__fast' time='0.000'/><testcase classname='ExampleTests' name='ExampleTests::test_multiplication' time='0.000'/><testcase classname='ExampleTests' name='ExampleTests::test_no_throw' time='0.000'/><testcase classname='ExampleTests' name='ExampleTests::test_not_same_identity' time='0.000'/><testcase classname='ExampleTests' name='ExampleTests::test_param_add[0]' time='0.000'/><testcase classname='ExampleTests' name='ExampleTests::test_param_add[1]' time='0.000'/><testcase classname='ExampleTests' name='ExampleTests::test_param_add[2]' time='0.000'/><testcase classname='ExampleTests' name='ExampleTests::test_same_identity' time='0.000'/><testcase classname='ExampleTests' name='ExampleTests::test_skip_runtime' time='0.000'><skipped/></testcase><testcase classname='ExampleTests' name='ExampleTests::test_skip_runtime_in_setup' time='0.000'/><testcase classname='ExampleTests' name='ExampleTests::test_skip_with_static_reason' time='0.000'><skipped/></testcase><testcase classname='ExampleTests' name='ExampleTests::test_skipped' time='0.000'><skipped/></testcase><testcase classname='ExampleTests' name='ExampleTests::test_string_ops' time='0.000'/><testcase classname='ExampleTests' name='ExampleTests::test_subtraction' time='0.000'/><testcase classname='ExampleTests' name='ExampleTests::test_throws_message_regex' time='0.000'/><testcase classname='ExampleTests' name='ExampleTests::test_throws_message_substring' time='0.000'/><testcase classname='ExampleTests' name='ExampleTests::test_type_checks' time='0.000'/></testsuite><testsuite errors='0' failures='0' name='FilterTagTests' tests='11' time='0.000'><testcase classname='FilterTagTests' name='FilterTagTests::test_another_inline__integration' time='0.000'/><testcase classname='FilterTagTests' name='FilterTagTests::test_filter_glob_starts' time='0.000'/><testcase classname='FilterTagTests' name='FilterTagTests::test_filter_match_alpha' time='0.000'/><testcase classname='FilterTagTests' name='FilterTagTests::test_filter_match_beta' time='0.000'/><testcase classname='FilterTagTests' name='FilterTagTests::test_inline_tagged__unit__fast' time='0.000'/><testcase classname='FilterTagTests' name='FilterTagTests::test_multiset_contains' time='0.000'/><testcase classname='FilterTagTests' name='FilterTagTests::test_multiset_contains_missing' time='0.000'/><testcase classname='FilterTagTests' name='FilterTagTests::test_skipped_by_filter' time='0.000'><skipped/></testcase><testcase classname='FilterTagTests' name='FilterTagTests::test_tagged_core' time='0.000'/><testcase classname='FilterTagTests' name='FilterTagTests::test_tagged_math' time='0.000'/><testcase classname='FilterTagTests' name='FilterTagTests::test_tagged_slow' time='0.000'/></testsuite><testsuite errors='0' failures='0' name='LifecycleTests' tests='3' time='0.000'><testcase classname='LifecycleTests' name='LifecycleTests::test_counter_after_setup_class' time='0.000'/><testcase classname='LifecycleTests' name='LifecycleTests::test_counter_still_10' time='0.000'/><testcase classname='LifecycleTests' name='LifecycleTests::test_third_method_also_sees_class_state' time='0.000'/></testsuite><testsuite errors='0' failures='0' name='ReporterTests' tests='7' time='0.000'><testcase classname='ReporterTests' name='ReporterTests::test_dot_reporter_creation' time='0.000'/><testcase classname='ReporterTests' name='ReporterTests::test_junit_reporter_creation' time='0.000'/><testcase classname='ReporterTests' name='ReporterTests::test_junit_reporter_escape' time='0.000'/><testcase classname='ReporterTests' name='ReporterTests::test_junit_reporter_xml_output' time='0.000'/><testcase classname='ReporterTests' name='ReporterTests::test_reporter_inheritance' time='0.000'/><testcase classname='ReporterTests' name='ReporterTests::test_tap_reporter_creation' time='0.000'/><testcase classname='ReporterTests' name='ReporterTests::test_verbose_reporter_creation' time='0.000'/></testsuite><testsuite errors='0' failures='0' name='RetryEdgeCases' tests='7' time='0.000'><testcase classname='RetryEdgeCases' name='RetryEdgeCases::test_always_passes' time='0.000'/><testcase classname='RetryEdgeCases' name='RetryEdgeCases::test_parameterized_retry[0]' time='0.000'/><testcase classname='RetryEdgeCases' name='RetryEdgeCases::test_parameterized_retry[1]' time='0.000'/><testcase classname='RetryEdgeCases' name='RetryEdgeCases::test_parameterized_retry[2]' time='0.000'/><testcase classname='RetryEdgeCases' name='RetryEdgeCases::test_passes_on_first_try' time='0.000'/><testcase classname='RetryEdgeCases' name='RetryEdgeCases::test_reliable_assertion' time='0.000'/><testcase classname='RetryEdgeCases' name='RetryEdgeCases::test_state_isolation' time='0.000'/></testsuite><testsuite errors='0' failures='0' name='RetryTests' tests='2' time='0.000'><testcase classname='RetryTests' name='RetryTests::test_always_passes' time='0.000'/><testcase classname='RetryTests' name='RetryTests::test_retry_invocation_count' time='0.000'/></testsuite><testsuite errors='0' failures='0' name='RunProcessTests' tests='12' time='0.320'><testcase classname='RunProcessTests' name='RunProcessTests::test_empty_output' time='0.030'/><testcase classname='RunProcessTests' name='RunProcessTests::test_exit_code_nonzero' time='0.030'/><testcase classname='RunProcessTests' name='RunProcessTests::test_exit_code_one' time='0.029'/><testcase classname='RunProcessTests' name='RunProcessTests::test_exit_code_zero' time='0.029'/><testcase classname='RunProcessTests' name='RunProcessTests::test_return_is_three_element_array' time='0.030'/><testcase classname='RunProcessTests' name='RunProcessTests::test_runtime_error_exit_code' time='0.030'/><testcase classname='RunProcessTests' name='RunProcessTests::test_selective_import' time='0.000'/><testcase classname='RunProcessTests' name='RunProcessTests::test_selective_import_does_not_expose_assertions' time='0.000'/><testcase classname='RunProcessTests' name='RunProcessTests::test_stderr_capture' time='0.041'/><testcase classname='RunProcessTests' name='RunProcessTests::test_stdout_capture' time='0.031'/><testcase classname='RunProcessTests' name='RunProcessTests::test_with_cwd_option' time='0.030'/><testcase classname='RunProcessTests' name='RunProcessTests::test_with_stdin_option' time='0.039'/></testsuite><testsuite errors='0' failures='0' name='SelectiveImportTests' tests='35' time='0.000'><testcase classname='SelectiveImportTests' name='SelectiveImportTests::test_arrow_operator_matches_bracket' time='0.000'/><testcase classname='SelectiveImportTests' name='SelectiveImportTests::test_boolean_assertion_works_via_submodule' time='0.000'/><testcase classname='SelectiveImportTests' name='SelectiveImportTests::test_boolean_import_hides_assert_equal' time='0.000'/><testcase classname='SelectiveImportTests' name='SelectiveImportTests::test_boolean_import_provides_assert_false' time='0.000'/><testcase classname='SelectiveImportTests' name='SelectiveImportTests::test_boolean_import_provides_assert_true' time='0.000'/><testcase classname='SelectiveImportTests' name='SelectiveImportTests::test_boolean_indices_are_correct' time='0.000'/><testcase classname='SelectiveImportTests' name='SelectiveImportTests::test_collection_import_hides_others' time='0.000'/><testcase classname='SelectiveImportTests' name='SelectiveImportTests::test_collection_import_provides_all' time='0.000'/><testcase classname='SelectiveImportTests' name='SelectiveImportTests::test_collection_indices_are_correct' time='0.000'/><testcase classname='SelectiveImportTests' name='SelectiveImportTests::test_comparison_assertion_works_via_submodule' time='0.000'/><testcase classname='SelectiveImportTests' name='SelectiveImportTests::test_comparison_import_hides_others' time='0.000'/><testcase classname='SelectiveImportTests' name='SelectiveImportTests::test_comparison_import_provides_all' time='0.000'/><testcase classname='SelectiveImportTests' name='SelectiveImportTests::test_comparison_indices_are_correct' time='0.000'/><testcase classname='SelectiveImportTests' name='SelectiveImportTests::test_equal_assertion_works_via_submodule' time='0.000'/><testcase classname='SelectiveImportTests' name='SelectiveImportTests::test_equal_import_hides_assert_null' time='0.000'/><testcase classname='SelectiveImportTests' name='SelectiveImportTests::test_equal_import_hides_assert_true' time='0.000'/><testcase classname='SelectiveImportTests' name='SelectiveImportTests::test_equal_import_provides_assert_equal' time='0.000'/><testcase classname='SelectiveImportTests' name='SelectiveImportTests::test_equal_import_provides_assert_not_equal' time='0.000'/><testcase classname='SelectiveImportTests' name='SelectiveImportTests::test_equal_import_provides_assert_not_same' time='0.000'/><testcase classname='SelectiveImportTests' name='SelectiveImportTests::test_equal_import_provides_assert_same' time='0.000'/><testcase classname='SelectiveImportTests' name='SelectiveImportTests::test_equal_indices_are_correct' time='0.000'/><testcase classname='SelectiveImportTests' name='SelectiveImportTests::test_exception_import_hides_others' time='0.000'/><testcase classname='SelectiveImportTests' name='SelectiveImportTests::test_exception_import_provides_all' time='0.000'/><testcase classname='SelectiveImportTests' name='SelectiveImportTests::test_exception_indices_are_correct' time='0.000'/><testcase classname='SelectiveImportTests' name='SelectiveImportTests::test_full_import_unchanged' time='0.000'/><testcase classname='SelectiveImportTests' name='SelectiveImportTests::test_membership_import_hides_others' time='0.000'/><testcase classname='SelectiveImportTests' name='SelectiveImportTests::test_membership_import_provides_all' time='0.000'/><testcase classname='SelectiveImportTests' name='SelectiveImportTests::test_membership_indices_are_correct' time='0.000'/><testcase classname='SelectiveImportTests' name='SelectiveImportTests::test_misc_import_hides_others' time='0.000'/><testcase classname='SelectiveImportTests' name='SelectiveImportTests::test_misc_import_provides_all' time='0.000'/><testcase classname='SelectiveImportTests' name='SelectiveImportTests::test_misc_indices_are_correct' time='0.000'/><testcase classname='SelectiveImportTests' name='SelectiveImportTests::test_null_assertion_works_via_submodule' time='0.000'/><testcase classname='SelectiveImportTests' name='SelectiveImportTests::test_null_import_hides_others' time='0.000'/><testcase classname='SelectiveImportTests' name='SelectiveImportTests::test_null_import_provides_all' time='0.000'/><testcase classname='SelectiveImportTests' name='SelectiveImportTests::test_null_indices_are_correct' time='0.000'/></testsuite><testsuite errors='0' failures='0' name='TimeoutEdgeCases' tests='7' time='1.100'><testcase classname='TimeoutEdgeCases' name='TimeoutEdgeCases::test_completes_instantly' time='0.000'/><testcase classname='TimeoutEdgeCases' name='TimeoutEdgeCases::test_completes_quickly' time='0.100'/><testcase classname='TimeoutEdgeCases' name='TimeoutEdgeCases::test_multiple_quick_tests' time='0.000'/><testcase classname='TimeoutEdgeCases' name='TimeoutEdgeCases::test_near_timeout_boundary' time='1.000'/><testcase classname='TimeoutEdgeCases' name='TimeoutEdgeCases::test_setup_increments' time='0.000'/><testcase classname='TimeoutEdgeCases' name='TimeoutEdgeCases::test_setup_teardown_with_timeout' time='0.000'/><testcase classname='TimeoutEdgeCases' name='TimeoutEdgeCases::test_teardown_runs_after_each' time='0.000'/></testsuite><testsuite errors='0' failures='0' name='TimeoutTests' tests='2' time='0.500'><testcase classname='TimeoutTests' name='TimeoutTests::test_fast_completes' time='0.000'/><testcase classname='TimeoutTests' name='TimeoutTests::test_sleep_within_timeout' time='0.500'/></testsuite></testsuites>